[seed 42][01_baseline] Checking training state...
[seed 42][01_baseline] Training incomplete - starting/resuming training.
2026-08-23 11:38:58 - INFO - Logging initialized to C:\Users\jafari.h\Desktop\ai_project\ConvNeXt_Unet\one_seed_results\ablation\01_baseline\seed_42\KvasirSEG-ConvNeXt_log.txt
Using device: cuda

============================================================
Loading Kvasir-SEG...
============================================================
Loaded Kvasir-SEG: 1000 images

============================================================
Loading CVC-ClinicDB...
============================================================
Loaded CVC-ClinicDB: 612 images
2026-08-23 11:39:06 - INFO - Loading ConvNeXt-Tiny ImageNet encoder weights from C:\Users\jafari.h\Desktop\ai_project\ConvNeXt_Unet\convnext_tiny_22k_1k_384.pth.
loading pretrain weights
Loaded weights from C:\Users\jafari.h\Desktop\ai_project\ConvNeXt_Unet\convnext_tiny_22k_1k_384.pth
  Missing keys: 0
  Unexpected keys: 4
loaded lightweight ConvNeXt-Tiny U-Net
2026-08-23 11:39:07 - INFO - Parameter count: total=29.19M, encoder=27.82M, decoder_head=1.37M, trainable=29.19M
2026-08-23 11:39:07 - INFO - Training precision: amp_fp16 | GradScaler enabled=True
2026-08-23 11:39:07 - INFO - Optimizer: AdamW | refine_lr=1.50e-04, encoder_lr=1.00e-05, decoder_lr=1.00e-04, eta_min=1.00e-06, weight_decay=1.00e-04, new_layer_weight_decay=1.00e-03, scheduler=CosineAnnealingLR(T_max=140)
2026-08-23 11:39:07 - INFO - EMA enabled with decay=0.995.
2026-08-23 11:39:07 - INFO - Training stage 'decoder' starts at epoch 1 (1,371,506/29,190,098 parameters trainable).
2026-08-23 11:39:07 - INFO - #### Training ####
2026-08-23 11:39:07 - INFO - initial LR: refine=0.000150, encoder=0.000010, decoder=0.000100
2026-08-23 11:39:25 - WARNING - Skipped 3/61 batches.

Test Results:
Loss: 1.1804 | Dice: 0.2392 | IoU: 0.1361
S-measure: 0.2569 | Weighted F-measure: 0.1351
Max E-measure: 0.6765 | Mean E-measure: 0.2573 | MAE: 0.6768
2026-08-23 11:39:27 - INFO - Epoch 1/150: Train Loss: 1.0159, Test Loss: 1.1804, Test Dice: 0.2392, Test IoU: 0.1361, EMA: True
2026-08-23 11:39:28 - INFO - New best model saved with accuracy: 0.14%
2026-08-23 11:39:28 - INFO - Best checkpoint: C:\Users\jafari.h\Desktop\ai_project\ConvNeXt_Unet\one_seed_results\ablation\01_baseline\seed_42\best_checkpoint.pth

Test Results:
Loss: 0.9346 | Dice: 0.2653 | IoU: 0.1532
S-measure: 0.3813 | Weighted F-measure: 0.1326
Max E-measure: 0.6765 | Mean E-measure: 0.2981 | MAE: 0.5055
2026-08-23 11:39:49 - INFO - Epoch 2/150: Train Loss: 0.8569, Test Loss: 0.9346, Test Dice: 0.2653, Test IoU: 0.1532, EMA: True
2026-08-23 11:39:49 - INFO - New best model saved with accuracy: 0.15%
2026-08-23 11:39:49 - INFO - Best checkpoint: C:\Users\jafari.h\Desktop\ai_project\ConvNeXt_Unet\one_seed_results\ablation\01_baseline\seed_42\best_checkpoint.pth

Test Results:
Loss: 0.8586 | Dice: 0.2722 | IoU: 0.1578
S-measure: 0.4232 | Weighted F-measure: 0.1372
Max E-measure: 0.6650 | Mean E-measure: 0.3067 | MAE: 0.4377
2026-08-23 11:40:10 - INFO - Epoch 3/150: Train Loss: 0.8264, Test Loss: 0.8586, Test Dice: 0.2722, Test IoU: 0.1578, EMA: True
2026-08-23 11:40:10 - INFO - New best model saved with accuracy: 0.16%
2026-08-23 11:40:10 - INFO - Best checkpoint: C:\Users\jafari.h\Desktop\ai_project\ConvNeXt_Unet\one_seed_results\ablation\01_baseline\seed_42\best_checkpoint.pth

Test Results:
Loss: 0.8087 | Dice: 0.3886 | IoU: 0.2419
S-measure: 0.4592 | Weighted F-measure: 0.1655
Max E-measure: 0.6867 | Mean E-measure: 0.3574 | MAE: 0.3981
2026-08-23 11:40:31 - INFO - Epoch 4/150: Train Loss: 0.5550, Test Loss: 0.8087, Test Dice: 0.3886, Test IoU: 0.2419, EMA: True
2026-08-23 11:40:31 - INFO - New best model saved with accuracy: 0.24%
2026-08-23 11:40:31 - INFO - Best checkpoint: C:\Users\jafari.h\Desktop\ai_project\ConvNeXt_Unet\one_seed_results\ablation\01_baseline\seed_42\best_checkpoint.pth

Test Results:
Loss: 0.6937 | Dice: 0.5504 | IoU: 0.3805
S-measure: 0.5734 | Weighted F-measure: 0.2348
Max E-measure: 0.7451 | Mean E-measure: 0.4987 | MAE: 0.2539
2026-08-23 11:40:52 - INFO - Epoch 5/150: Train Loss: 0.4553, Test Loss: 0.6937, Test Dice: 0.5504, Test IoU: 0.3805, EMA: True
2026-08-23 11:40:53 - INFO - New best model saved with accuracy: 0.38%
2026-08-23 11:40:53 - INFO - Best checkpoint: C:\Users\jafari.h\Desktop\ai_project\ConvNeXt_Unet\one_seed_results\ablation\01_baseline\seed_42\best_checkpoint.pth

Test Results:
Loss: 0.5219 | Dice: 0.6853 | IoU: 0.5219
S-measure: 0.7179 | Weighted F-measure: 0.4137
Max E-measure: 0.8056 | Mean E-measure: 0.6904 | MAE: 0.1214
2026-08-23 11:41:13 - INFO - Epoch 6/150: Train Loss: 0.4237, Test Loss: 0.5219, Test Dice: 0.6853, Test IoU: 0.5219, EMA: True
2026-08-23 11:41:13 - INFO - New best model saved with accuracy: 0.52%
2026-08-23 11:41:13 - INFO - Best checkpoint: C:\Users\jafari.h\Desktop\ai_project\ConvNeXt_Unet\one_seed_results\ablation\01_baseline\seed_42\best_checkpoint.pth

Test Results:
Loss: 0.4218 | Dice: 0.7324 | IoU: 0.5785
S-measure: 0.7779 | Weighted F-measure: 0.5833
Max E-measure: 0.8378 | Mean E-measure: 0.7884 | MAE: 0.0777
2026-08-23 11:41:34 - INFO - Epoch 7/150: Train Loss: 0.4025, Test Loss: 0.4218, Test Dice: 0.7324, Test IoU: 0.5785, EMA: True
2026-08-23 11:41:34 - INFO - New best model saved with accuracy: 0.58%
2026-08-23 11:41:34 - INFO - Best checkpoint: C:\Users\jafari.h\Desktop\ai_project\ConvNeXt_Unet\one_seed_results\ablation\01_baseline\seed_42\best_checkpoint.pth

Test Results:
Loss: 0.3853 | Dice: 0.7578 | IoU: 0.6105
S-measure: 0.7973 | Weighted F-measure: 0.6556
Max E-measure: 0.8535 | Mean E-measure: 0.8257 | MAE: 0.0656
2026-08-23 11:41:55 - INFO - Epoch 8/150: Train Loss: 0.3990, Test Loss: 0.3853, Test Dice: 0.7578, Test IoU: 0.6105, EMA: True
2026-08-23 11:41:55 - INFO - New best model saved with accuracy: 0.61%
2026-08-23 11:41:55 - INFO - Best checkpoint: C:\Users\jafari.h\Desktop\ai_project\ConvNeXt_Unet\one_seed_results\ablation\01_baseline\seed_42\best_checkpoint.pth

Test Results:
Loss: 0.3659 | Dice: 0.7748 | IoU: 0.6328
S-measure: 0.8081 | Weighted F-measure: 0.6905
Max E-measure: 0.8614 | Mean E-measure: 0.8436 | MAE: 0.0599
2026-08-23 11:42:15 - INFO - Epoch 9/150: Train Loss: 0.3759, Test Loss: 0.3659, Test Dice: 0.7748, Test IoU: 0.6328, EMA: True
2026-08-23 11:42:15 - INFO - New best model saved with accuracy: 0.63%
2026-08-23 11:42:15 - INFO - Best checkpoint: C:\Users\jafari.h\Desktop\ai_project\ConvNeXt_Unet\one_seed_results\ablation\01_baseline\seed_42\best_checkpoint.pth

Test Results:
Loss: 0.3532 | Dice: 0.7859 | IoU: 0.6476
S-measure: 0.8153 | Weighted F-measure: 0.7098
Max E-measure: 0.8691 | Mean E-measure: 0.8550 | MAE: 0.0565
2026-08-23 11:42:35 - INFO - Epoch 10/150: Train Loss: 0.3707, Test Loss: 0.3532, Test Dice: 0.7859, Test IoU: 0.6476, EMA: True
2026-08-23 11:42:36 - INFO - New best model saved with accuracy: 0.65%
2026-08-23 11:42:36 - INFO - Best checkpoint: C:\Users\jafari.h\Desktop\ai_project\ConvNeXt_Unet\one_seed_results\ablation\01_baseline\seed_42\best_checkpoint.pth
2026-08-23 11:42:36 - INFO - Epoch 11: decoder warmup finished; all layers unfrozen (29,190,098/29,190,098 parameters trainable).

Test Results:
Loss: 0.3460 | Dice: 0.7921 | IoU: 0.6560
S-measure: 0.8153 | Weighted F-measure: 0.7032
Max E-measure: 0.8744 | Mean E-measure: 0.8554 | MAE: 0.0577
2026-08-23 11:43:01 - INFO - Epoch 11/150: Train Loss: 0.6004, Test Loss: 0.3460, Test Dice: 0.7921, Test IoU: 0.6560, EMA: True
2026-08-23 11:43:02 - INFO - New best model saved with accuracy: 0.66%
2026-08-23 11:43:02 - INFO - Best checkpoint: C:\Users\jafari.h\Desktop\ai_project\ConvNeXt_Unet\one_seed_results\ablation\01_baseline\seed_42\best_checkpoint.pth

Test Results:
Loss: 0.3433 | Dice: 0.7953 | IoU: 0.6605
S-measure: 0.8157 | Weighted F-measure: 0.7000
Max E-measure: 0.8767 | Mean E-measure: 0.8543 | MAE: 0.0584
2026-08-23 11:43:27 - INFO - Epoch 12/150: Train Loss: 0.5267, Test Loss: 0.3433, Test Dice: 0.7953, Test IoU: 0.6605, EMA: True
2026-08-23 11:43:28 - INFO - New best model saved with accuracy: 0.66%
2026-08-23 11:43:28 - INFO - Best checkpoint: C:\Users\jafari.h\Desktop\ai_project\ConvNeXt_Unet\one_seed_results\ablation\01_baseline\seed_42\best_checkpoint.pth

Test Results:
Loss: 0.3379 | Dice: 0.8005 | IoU: 0.6676
S-measure: 0.8194 | Weighted F-measure: 0.7045
Max E-measure: 0.8803 | Mean E-measure: 0.8568 | MAE: 0.0576
2026-08-23 11:43:54 - INFO - Epoch 13/150: Train Loss: 0.4911, Test Loss: 0.3379, Test Dice: 0.8005, Test IoU: 0.6676, EMA: True
2026-08-23 11:43:55 - INFO - New best model saved with accuracy: 0.67%
2026-08-23 11:43:55 - INFO - Best checkpoint: C:\Users\jafari.h\Desktop\ai_project\ConvNeXt_Unet\one_seed_results\ablation\01_baseline\seed_42\best_checkpoint.pth

Test Results:
Loss: 0.3290 | Dice: 0.8076 | IoU: 0.6775
S-measure: 0.8258 | Weighted F-measure: 0.7135
Max E-measure: 0.8845 | Mean E-measure: 0.8618 | MAE: 0.0557
2026-08-23 11:44:20 - INFO - Epoch 14/150: Train Loss: 0.4740, Test Loss: 0.3290, Test Dice: 0.8076, Test IoU: 0.6775, EMA: True
2026-08-23 11:44:21 - INFO - New best model saved with accuracy: 0.68%
2026-08-23 11:44:21 - INFO - Best checkpoint: C:\Users\jafari.h\Desktop\ai_project\ConvNeXt_Unet\one_seed_results\ablation\01_baseline\seed_42\best_checkpoint.pth

Test Results:
Loss: 0.3203 | Dice: 0.8145 | IoU: 0.6872
S-measure: 0.8325 | Weighted F-measure: 0.7246
Max E-measure: 0.8884 | Mean E-measure: 0.8668 | MAE: 0.0535
2026-08-23 11:44:46 - INFO - Epoch 15/150: Train Loss: 0.4492, Test Loss: 0.3203, Test Dice: 0.8145, Test IoU: 0.6872, EMA: True
2026-08-23 11:44:47 - INFO - New best model saved with accuracy: 0.69%
2026-08-23 11:44:47 - INFO - Best checkpoint: C:\Users\jafari.h\Desktop\ai_project\ConvNeXt_Unet\one_seed_results\ablation\01_baseline\seed_42\best_checkpoint.pth

Test Results:
Loss: 0.3144 | Dice: 0.8194 | IoU: 0.6942
S-measure: 0.8366 | Weighted F-measure: 0.7320
Max E-measure: 0.8921 | Mean E-measure: 0.8698 | MAE: 0.0517
2026-08-23 11:45:11 - INFO - Epoch 16/150: Train Loss: 0.4294, Test Loss: 0.3144, Test Dice: 0.8194, Test IoU: 0.6942, EMA: True
2026-08-23 11:45:12 - INFO - New best model saved with accuracy: 0.69%
2026-08-23 11:45:12 - INFO - Best checkpoint: C:\Users\jafari.h\Desktop\ai_project\ConvNeXt_Unet\one_seed_results\ablation\01_baseline\seed_42\best_checkpoint.pth

Test Results:
Loss: 0.3087 | Dice: 0.8237 | IoU: 0.7005
S-measure: 0.8406 | Weighted F-measure: 0.7380
Max E-measure: 0.8965 | Mean E-measure: 0.8731 | MAE: 0.0505
2026-08-23 11:45:36 - INFO - Epoch 17/150: Train Loss: 0.4214, Test Loss: 0.3087, Test Dice: 0.8237, Test IoU: 0.7005, EMA: True
2026-08-23 11:45:36 - INFO - New best model saved with accuracy: 0.70%
2026-08-23 11:45:36 - INFO - Best checkpoint: C:\Users\jafari.h\Desktop\ai_project\ConvNeXt_Unet\one_seed_results\ablation\01_baseline\seed_42\best_checkpoint.pth
